// Jest Snapshot v1, https://goo.gl/fbAQLP

exports[`default order can be loaded 1`] = `
Array [
  "name",
  "version",
  "description",
  "license",
  "private",
  "engines",
  "os",
  "cpu",
  "repository",
  "bugs",
  "homepage",
  "author",
  "keywords",
  "bin",
  "man",
  "main",
  "module",
  "browser",
  "files",
  "directories",
  "config",
  "publishConfig",
  "scripts",
  "husky",
  "lint-staged",
  "...rest",
  "dependencies",
  "peerDependencies",
  "devDependencies",
  "optionalDependencies",
  "bundledDependencies",
]
`;
