// Jest Snapshot v1, https://goo.gl/fbAQLP

exports[`default order can be loaded 1`] = `
Array [
  "name",
  "version",
  "description",
  "license",
  "private",
  "engines",
  "repository",
  "bugs",
  "homepage",
  "author",
  "bin",
  "main",
  "module",
  "browser",
  "config",
  "scripts",
  "lint-staged",
  "...rest",
  "dependencies",
  "peerDependencies",
  "devDependencies",
  "optionalDependencies",
]
`;
