// Jest Snapshot v1, https://goo.gl/fbAQLP

exports[`error logs generic message and exists with 1 when called without error 1`] = `" ERROR  Something went wrong!"`;

exports[`error prints message 1`] = `" ERROR  Error: Standard message"`;

exports[`error prints stderr 1`] = `" ERROR  Stderr message"`;

exports[`error prints stdout 1`] = `" ERROR  Stdout message"`;
